05:40:05.53 Section: PCIe List Check
05:40:05.53 Subsection:  PCIE List Check
05:40:05.53 Send = lspci
05:40:05.53 Rece = 
00:00.0 Host bridge: Intel Corporation 440FX - 82441FX PMC [Natoma] (rev 02)
05:40:05.55 FAIL,Pcie List check missing same component
05:40:05.55   PCI/PCIE Device 00:01.0 ISA bridge: Intel Corporation 82371SB PIIX3 ISA [Natoma/Triton II] is missing
05:40:05.55   PCI/PCIE Device 00:01.1 IDE interface: Intel Corporation 82371AB/EB/MB PIIX4 IDE (rev 01) is missing
05:40:05.55   PCI/PCIE Device 00:02.0 VGA compatible controller: InnoTek Systemberatung GmbH VirtualBox Graphics Adapter is missing
05:40:05.55   PCI/PCIE Device 00:03.0 Ethernet controller: Intel Corporation 82540EM Gigabit Ethernet Controller (rev 02) is missing
05:40:05.55   PCI/PCIE Device 00:04.0 System peripheral: InnoTek Systemberatung GmbH VirtualBox Guest Service is missing
05:40:05.55   PCI/PCIE Device 00:05.0 Multimedia audio controller: Intel Corporation 82801AA AC'97 Audio Controller (rev 01) is missing
05:40:05.55   PCI/PCIE Device 00:06.0 USB controller: Apple Inc. KeyLargo/Intrepid USB is missing
05:40:05.55   PCI/PCIE Device 00:07.0 Bridge: Intel Corporation 82371AB/EB/MB PIIX4 ACPI (rev 08) is missing
05:40:05.55   PCI/PCIE Device 00:08.0 Ethernet controller: Intel Corporation 82540EM Gigabit Ethernet Controller (rev 02) is missing
05:40:05.55   PCI/PCIE Device 00:09.0 Ethernet controller: Intel Corporation 82540EM Gigabit Ethernet Controller (rev 02) is missing
05:40:05.55   PCI/PCIE Device 00:0d.0 SATA controller: Intel Corporation 82801HM/HEM (ICH8M/ICH8M-E) SATA Controller [AHCI mode] (rev 02) is missing
06:13:15.51 Section: PCIe List Check
06:13:15.51 Subsection:  PCIE List Check
06:13:15.51 Send = lspci
06:13:15.51 Rece = 
00:00.0 Host bridge: Intel Corporation 440FX - 82441FX PMC [Natoma] (rev 02)
00:01.0 ISA bridge: Intel Corporation 82371SB PIIX3 ISA [Natoma/Triton II]
00:01.1 IDE interface: Intel Corporation 82371AB/EB/MB PIIX4 IDE (rev 01)
00:02.0 VGA compatible controller: InnoTek Systemberatung GmbH VirtualBox Graphics Adapter
00:03.0 Ethernet controller: Intel Corporation 82540EM Gigabit Ethernet Controller (rev 02)
00:04.0 System peripheral: InnoTek Systemberatung GmbH VirtualBox Guest Service
00:05.0 Multimedia audio controller: Intel Corporation 82801AA AC'97 Audio Controller (rev 01)
00:06.0 USB controller: Apple Inc. KeyLargo/Intrepid USB
00:07.0 Bridge: Intel Corporation 82371AB/EB/MB PIIX4 ACPI (rev 08)
00:08.0 Ethernet controller: Intel Corporation 82540EM Gigabit Ethernet Controller (rev 02)
00:09.0 Ethernet controller: Intel Corporation 82540EM Gigabit Ethernet Controller (rev 02)
00:0d.0 SATA controller: Intel Corporation 82801HM/HEM (ICH8M/ICH8M-E) SATA Controller [AHCI mode] (rev 02)
06:13:15.53 PASS,all compnent in lspci check list
06:13:15.53 Tester Chk => OK: PCIe List Verified
06:13:51.83 Subsection: Ethernet_Ctrl1 Speed and Width Check
06:13:51.83 Send = lspci -s 18:00.2 -vvn
06:13:51.83 Rece = 

06:19:25.71 Section: Configuration Check
06:19:25.72 Send = dmidecode -s bios-version
06:19:25.72 Rece = 
VirtualBox
06:19:25.72 BIOS Version number 0.50 is not matched to VirtualBox
06:19:25.72 TestEnd => ErrorCode=40001: BIOS_Version_Fail
06:20:09.09 Section: Configuration Check
06:20:09.10 Send = dmidecode -s bios-version
06:20:09.10 Rece = 
VirtualBox
06:20:09.10 BIOS Version number VirtualBox is matched to VirtualBox
06:20:09.10 Send = ipmitool mc info
06:20:09.10 Rece = 
Could not open device at /dev/ipmi0 or /dev/ipmi/0 or /dev/ipmidev/0: No such file or directory
06:20:09.11 TestEnd => ErrorCode=40002: Bmc_Version_Fail
06:20:52.94 Section: Configuration Check
06:20:52.94 Send = dmidecode -s bios-version
06:20:52.94 Rece = 
VirtualBox
06:20:52.94 BIOS Version number VirtualBox is matched to VirtualBox
06:20:52.95 Section: CPU, mem Check
06:20:52.95 Check CPU ------------------------------------
06:20:52.95 Send = dmidecode -t 4
06:20:52.95 Rece = 
# dmidecode 3.0
Getting SMBIOS data from sysfs.
SMBIOS 2.5 present.

06:20:52.95 Physical CPU Qty 0 not match to 2
06:20:52.95 TestEnd => ErrorCode=30018: CPU_Qty_Fail
06:20:52.95 TestEnd => ErrorCode=30018: CPU_Qty_Fail
06:21:53.45 Section: Configuration Check
06:21:53.45 Send = dmidecode -s bios-version
06:21:53.45 Rece = 
VirtualBox
06:21:53.45 BIOS Version number VirtualBox is matched to VirtualBox
06:21:53.46 Section: CPU, mem Check
06:21:53.46 Check CPU ------------------------------------
06:21:53.46 Send = dmidecode -t 4
06:21:53.46 Rece = 
# dmidecode 3.0
Getting SMBIOS data from sysfs.
SMBIOS 2.5 present.

06:21:53.46 Physical CPU Qty 0 match to 0
06:21:53.46 Check DIMM -------------------------------------
06:21:53.46 Send = dmidecode -t 17
06:21:53.46 Rece = 
# dmidecode 3.0
Getting SMBIOS data from sysfs.
SMBIOS 2.5 present.

06:21:53.46 All RAM DIMM Slots are populated
06:21:53.46 TestChk => PASS: CPU, mem Check
06:21:53.47 Send = ipmitool fru > /root/Zuari-EVT/TestConfig/fru.txt
06:21:53.47 Rece = 
/bin/sh: /root/Zuari-EVT/TestConfig/fru.txt: No such file or directory
06:21:53.47 Send = cat /root/Zuari-EVT/TestConfig/fru.txt
06:21:53.47 Rece = 
cat: /root/Zuari-EVT/TestConfig/fru.txt: No such file or directory
06:21:53.47 Send = diff /root/Zuari-EVT/TestConfig/fru.txt /root/Zuari-EVT/TestConfig/frulist.txt
06:21:53.47 Rece = 
diff: /root/Zuari-EVT/TestConfig/fru.txt: No such file or directory
diff: /root/Zuari-EVT/TestConfig/frulist.txt: No such file or directory
06:21:53.48 Check Fru Pass
06:21:53.48 Section: PCIe Devices Check
06:21:53.48 Send = lspci > /root/Zuari-EVT/TestConfig/pci.txt
06:21:53.48 Rece = 
/bin/sh: /root/Zuari-EVT/TestConfig/pci.txt: No such file or directory
06:21:53.48 Send = cat /root/Zuari-EVT/TestConfig/pci.txt
06:21:53.48 Rece = 
cat: /root/Zuari-EVT/TestConfig/pci.txt: No such file or directory
06:21:53.49 Send = diff /root/Zuari-EVT/TestConfig/pci.txt /root/Zuari-EVT/TestConfig/usb_605_pcilist.txt
06:21:53.49 Rece = 
diff: /root/Zuari-EVT/TestConfig/pci.txt: No such file or directory
diff: /root/Zuari-EVT/TestConfig/usb_605_pcilist.txt: No such file or directory
06:21:53.49 Check Pci Device Pass
06:21:53.49 Send = lspci | grep Mellanox
06:21:53.49 Rece = 

06:21:53.51 TestEnd => ErrorCode=40005: CheckPciSpeedWidth(Ethernet controller)_Number_Fail
